// Jest Snapshot v1, https://goo.gl/fbAQLP

exports[`TodoCard component should match the snapshot 1`] = `
<li
  className="flex flex-row justify-between items-center border rounded cursor-pointer p-2 "
  onClick={[Function]}
>
  <p
    className=""
  >
    Todo 1
  </p>
  <img
    alt="check icon"
    height={20}
    src="uncheck_icon.svg"
    width={20}
  />
</li>
`;
